INFO ESPHome 2025.12.0-dev
INFO Reading configuration config/vector-eyes-ttgo.yaml...
WARNING GPIO2 is a strapping PIN and should only be used for I/O with care.
Attaching external pullup/down resistors to strapping pins can cause unexpected failures.
See https://esphome.io/guides/faq.html#why-am-i-getting-a-warning-about-strapping-pins
WARNING GPIO12 is a strapping PIN and should only be used for I/O with care.
Attaching external pullup/down resistors to strapping pins can cause unexpected failures.
See https://esphome.io/guides/faq.html#why-am-i-getting-a-warning-about-strapping-pins
WARNING GPIO15 is a strapping PIN and should only be used for I/O with care.
Attaching external pullup/down resistors to strapping pins can cause unexpected failures.
See https://esphome.io/guides/faq.html#why-am-i-getting-a-warning-about-strapping-pins
WARNING GPIO0 is a strapping PIN and should only be used for I/O with care.
Attaching external pullup/down resistors to strapping pins can cause unexpected failures.
See https://esphome.io/guides/faq.html#why-am-i-getting-a-warning-about-strapping-pins
INFO Generating C++ source...
INFO Compiling app... Build path: /home/nonasuomy/code/esphome003/esphome/config/.esphome/build/vector-eyes-ttgo
Processing vector-eyes-ttgo (board: esp32dev; framework: arduino, espidf; platform: https://github.com/pioarduino/platform-espressif32/releases/download/55.03.31-2/platform-espressif32.zip)
--------------------------------------------------------------------------------
INFO Package configuration completed successfully
INFO Package configuration completed successfully
HARDWARE: ESP32 240MHz, 320KB RAM, 4MB Flash
 - contrib-piohome @ 3.4.4 
 - framework-arduinoespressif32 @ 3.3.2 
 - framework-arduinoespressif32-libs @ 5.5.0+sha.129cd0d247 
 - framework-espidf @ 3.50501.0 (5.5.1) 
 - tool-cmake @ 4.0.3 
 - tool-esp-rom-elfs @ 2024.10.11 
 - tool-esptoolpy @ 5.1.0 
 - tool-mklittlefs @ 3.2.0 
 - tool-ninja @ 1.13.1 
 - tool-scons @ 4.40801.0 (4.8.1) 
 - toolchain-xtensa-esp-elf @ 14.2.0+20241119
Reading CMake configuration...
Dependency Graph
|-- Networking @ 3.3.2
|-- ESPmDNS @ 3.3.2
|-- Update @ 3.3.2
|-- SPI @ 3.3.2
|-- ArduinoJson @ 7.0.4
|-- esp-audio-libs @ 2.0.1
|-- noise-c @ 0.1.10
Compiling .pioenvs/vector-eyes-ttgo/src/esphome/components/vector_eyes/storage_adapter.cpp.o
Compiling .pioenvs/vector-eyes-ttgo/src/esphome/components/vector_eyes/test_storage_adapter_compile.cpp.o
Compiling .pioenvs/vector-eyes-ttgo/src/esphome/components/vector_eyes/vector_eyes.cpp.o
In file included from src/esphome/components/vector_eyes/storage_adapter.cpp:1:
src/esphome/components/vector_eyes/storage_adapter.h:4:10: fatal error: esphome/components/storage/storage.h: No such file or directory
    4 | #include "esphome/components/storage/storage.h"
      |          ^~~~~~~~~~~~~~~~~~~~~~~~~~~~~~~~~~~~~~
compilation terminated.
In file included from src/esphome/components/vector_eyes/test_storage_adapter_compile.cpp:4:
src/esphome/components/vector_eyes/storage_adapter.h:4:10: fatal error: esphome/components/storage/storage.h: No such file or directory
    4 | #include "esphome/components/storage/storage.h"
      |          ^~~~~~~~~~~~~~~~~~~~~~~~~~~~~~~~~~~~~~
compilation terminated.
In file included from src/esphome/components/vector_eyes/vector_eyes.h:25,
                 from src/esphome/components/vector_eyes/vector_eyes.cpp:1:
src/esphome/components/vector_eyes/storage_adapter.h:4:10: fatal error: esphome/components/storage/storage.h: No such file or directory
    4 | #include "esphome/components/storage/storage.h"
      |          ^~~~~~~~~~~~~~~~~~~~~~~~~~~~~~~~~~~~~~
compilation terminated.
Compiling .pioenvs/vector-eyes-ttgo/src/main.cpp.o
*** [.pioenvs/vector-eyes-ttgo/src/esphome/components/vector_eyes/storage_adapter.cpp.o] Error 1
*** [.pioenvs/vector-eyes-ttgo/src/esphome/components/vector_eyes/test_storage_adapter_compile.cpp.o] Error 1
*** [.pioenvs/vector-eyes-ttgo/src/esphome/components/vector_eyes/vector_eyes.cpp.o] Error 1
In file included from /home/nonasuomy/.platformio/packages/framework-espidf/components/driver/deprecated/driver/i2s.h:23,
                 from src/esphome/components/i2s_audio/i2s_audio.h:9,
                 from src/esphome.h:37,
                 from src/main.cpp:3:
/home/nonasuomy/.platformio/packages/framework-espidf/components/driver/deprecated/driver/adc.h:19:2: warning: #warning "legacy adc driver is deprecated, please migrate to use esp_adc/adc_oneshot.h and esp_adc/adc_continuous.h for oneshot mode and continuous mode drivers respectively" [-Wcpp]
   19 | #warning "legacy adc driver is deprecated, please migrate to use esp_adc/adc_oneshot.h and esp_adc/adc_continuous.h for oneshot mode and continuous mode drivers respectively"
      |  ^~~~~~~
/home/nonasuomy/.platformio/packages/framework-espidf/components/driver/deprecated/driver/i2s.h:27:2: warning: #warning "This set of I2S APIs has been deprecated, please include 'driver/i2s_std.h', 'driver/i2s_pdm.h' or 'driver/i2s_tdm.h' instead. if you want to keep using the old APIs and ignore this warning, you can enable 'Suppress legacy driver deprecated warning' option under 'I2S Configuration' menu in Kconfig" [-Wcpp]
   27 | #warning "This set of I2S APIs has been deprecated, \
      |  ^~~~~~~
In file included from src/esphome.h:140:
src/esphome/components/vector_eyes/storage_adapter.h:4:10: fatal error: esphome/components/storage/storage.h: No such file or directory
    4 | #include "esphome/components/storage/storage.h"
      |          ^~~~~~~~~~~~~~~~~~~~~~~~~~~~~~~~~~~~~~
compilation terminated.
*** [.pioenvs/vector-eyes-ttgo/src/main.cpp.o] Error 1
========================= [FAILED] Took 15.32 seconds =========================
